plain-btn PointerOverCapture pointerover 1 <button data-cy="plain-btn"> page.tsx:8:13
plain-btn PointerOver pointerover 3 <button data-cy="plain-btn"> page.tsx:8:13
plain-btn PointerEnter pointerover 3 <button data-cy="plain-btn"> page.tsx:8:13
plain-btn MouseOverCapture mouseover 1 <button data-cy="plain-btn"> page.tsx:8:13
plain-btn MouseOver mouseover 3 <button data-cy="plain-btn"> page.tsx:8:13
plain-btn MouseEnter mouseover 3 <button data-cy="plain-btn"> page.tsx:8:13
plain-btn PointerMoveCapture pointermove 1 <button data-cy="plain-btn"> page.tsx:8:13
plain-btn PointerMove pointermove 3 <button data-cy="plain-btn"> page.tsx:8:13
plain-btn MouseMoveCapture mousemove 1 <button data-cy="plain-btn"> page.tsx:8:13
plain-btn MouseMove mousemove 3 <button data-cy="plain-btn"> page.tsx:8:13
plain-btn PointerDownCapture pointerdown 1 <button data-cy="plain-btn"> page.tsx:8:13
plain-btn PointerDown pointerdown 3 <button data-cy="plain-btn"> page.tsx:8:13
plain-btn MouseDownCapture mousedown 1 <button data-cy="plain-btn"> page.tsx:8:13
plain-btn MouseDown mousedown 3 <button data-cy="plain-btn"> page.tsx:8:13
plain-btn FocusCapture focusin 1 <button data-cy="plain-btn"> page.tsx:8:13
plain-btn Focus focusin 3 <button data-cy="plain-btn"> page.tsx:8:13
plain-btn PointerUpCapture pointerup 1 <button data-cy="plain-btn"> page.tsx:8:13
plain-btn PointerUp pointerup 3 <button data-cy="plain-btn"> page.tsx:8:13
plain-btn MouseUpCapture mouseup 1 <button data-cy="plain-btn"> page.tsx:8:13
plain-btn MouseUp mouseup 3 <button data-cy="plain-btn"> page.tsx:8:13
plain-btn ClickCapture click 1 <button data-cy="plain-btn"> page.tsx:8:13
plain-btn Click click 3 <button data-cy="plain-btn"> page.tsx:8:13
