plain-btn PointerOverCapture pointerover 1 <button data-cy="plain-btn"> page.tsx:8:13
plain-btn PointerOver pointerover 3 <button data-cy="plain-btn"> page.tsx:8:13
plain-btn PointerEnter pointerover 3 <button data-cy="plain-btn"> page.tsx:8:13
plain-btn MouseOverCapture mouseover 1 <button data-cy="plain-btn"> page.tsx:8:13
plain-btn MouseOver mouseover 3 <button data-cy="plain-btn"> page.tsx:8:13
plain-btn MouseEnter mouseover 3 <button data-cy="plain-btn"> page.tsx:8:13
plain-btn PointerMoveCapture pointermove 1 <button data-cy="plain-btn"> page.tsx:8:13
plain-btn PointerMove pointermove 3 <button data-cy="plain-btn"> page.tsx:8:13
plain-btn MouseMoveCapture mousemove 1 <button data-cy="plain-btn"> page.tsx:8:13
plain-btn MouseMove mousemove 3 <button data-cy="plain-btn"> page.tsx:8:13
plain-btn PointerDownCapture pointerdown 1 <button data-cy="plain-btn"> page.tsx:8:13
plain-btn PointerDown pointerdown 3 <button data-cy="plain-btn"> page.tsx:8:13
plain-btn MouseDownCapture mousedown 1 <button data-cy="plain-btn"> page.tsx:8:13
plain-btn MouseDown mousedown 3 <button data-cy="plain-btn"> page.tsx:8:13
plain-btn FocusCapture focusin 1 <button data-cy="plain-btn"> page.tsx:8:13
plain-btn Focus focusin 3 <button data-cy="plain-btn"> page.tsx:8:13
plain-btn PointerUpCapture pointerup 1 <button data-cy="plain-btn"> page.tsx:8:13
plain-btn PointerUp pointerup 3 <button data-cy="plain-btn"> page.tsx:8:13
plain-btn MouseUpCapture mouseup 1 <button data-cy="plain-btn"> page.tsx:8:13
plain-btn MouseUp mouseup 3 <button data-cy="plain-btn"> page.tsx:8:13
plain-btn ClickCapture click 1 <button data-cy="plain-btn"> page.tsx:8:13
plain-btn Click click 3 <button data-cy="plain-btn"> page.tsx:8:13
plain-btn PointerOutCapture pointerout 1 <button data-cy="plain-btn"> page.tsx:8:13
plain-btn PointerOut pointerout 3 <button data-cy="plain-btn"> page.tsx:8:13
plain-btn PointerLeave pointerout 3 <button data-cy="plain-btn"> page.tsx:8:13
plain-btn MouseOutCapture mouseout 1 <button data-cy="plain-btn"> page.tsx:8:13
plain-btn MouseOut mouseout 3 <button data-cy="plain-btn"> page.tsx:8:13
plain-btn MouseLeave mouseout 3 <button data-cy="plain-btn"> page.tsx:8:13
spectrum-btn onPressStart <button class="o7Xu8a_spectrum-ActionBu…spectrum-FocusRing-ring" type="button" tabindex="0" data-react-aria-pressable="true" data-cy="spectrum-btn" style="user-select: none;"> page.tsx:17:13
spectrum-btn onPressChange true page.tsx:17:13
Uncaught DOMException: Element.releasePointerCapture: Invalid pointer id
    onPointerDown webpack-internal:///./node_modules/@react-aria/interactions/dist/usePress.mjs:320
    React 8
    sendEvent http://localhost:8080/__cypress/runner/cypress_runner.js:150529
    sendPointerEvent http://localhost:8080/__cypress/runner/cypress_runner.js:149874
    sendPointerdown http://localhost:8080/__cypress/runner/cypress_runner.js:149892
    _downEvents http://localhost:8080/__cypress/runner/cypress_runner.js:150227
    down http://localhost:8080/__cypress/runner/cypress_runner.js:150256
    click http://localhost:8080/__cypress/runner/cypress_runner.js:150334
    onReady http://localhost:8080/__cypress/runner/cypress_runner.js:114571
    onReady http://localhost:8080/__cypress/runner/cypress_runner.js:114529
    runAllChecks http://localhost:8080/__cypress/runner/cypress_runner.js:115207
    retryActionability http://localhost:8080/__cypress/runner/cypress_runner.js:115229
    tryCatcher http://localhost:8080/__cypress/runner/cypress_runner.js:1777
    try http://localhost:8080/__cypress/runner/cypress_runner.js:4285
    whenStable http://localhost:8080/__cypress/runner/cypress_runner.js:151493
    retry http://localhost:8080/__cypress/runner/cypress_runner.js:151434
    tryCatcher http://localhost:8080/__cypress/runner/cypress_runner.js:1777
    _settlePromiseFromHandler http://localhost:8080/__cypress/runner/cypress_runner.js:1489
    _settlePromise http://localhost:8080/__cypress/runner/cypress_runner.js:1546
    _settlePromise0 http://localhost:8080/__cypress/runner/cypress_runner.js:1591
    _settlePromises http://localhost:8080/__cypress/runner/cypress_runner.js:1671
    _fulfill http://localhost:8080/__cypress/runner/cypress_runner.js:1615
    handle http://localhost:8080/__cypress/runner/cypress_runner.js:5420
    setTimeout handler*__webpack_modules__</module.exports/Promise.delay http://localhost:8080/__cypress/runner/cypress_runner.js:5420
    retry http://localhost:8080/__cypress/runner/cypress_runner.js:151416
    retryActionability http://localhost:8080/__cypress/runner/cypress_runner.js:115232
    verify http://localhost:8080/__cypress/runner/cypress_runner.js:115235
    tryCatcher http://localhost:8080/__cypress/runner/cypress_runner.js:1777
    try http://localhost:8080/__cypress/runner/cypress_runner.js:4285
    verify http://localhost:8080/__cypress/runner/cypress_runner.js:115129
    perform http://localhost:8080/__cypress/runner/cypress_runner.js:114514
    tryCatcher http://localhost:8080/__cypress/runner/cypress_runner.js:1777
    gotValue http://localhost:8080/__cypress/runner/cypress_runner.js:6446
    gotAccum http://localhost:8080/__cypress/runner/cypress_runner.js:6435
    tryCatcher http://localhost:8080/__cypress/runner/cypress_runner.js:1777
    _settlePromiseFromHandler http://localhost:8080/__cypress/runner/cypress_runner.js:1489
    _settlePromise http://localhost:8080/__cypress/runner/cypress_runner.js:1546
    _settlePromiseCtx http://localhost:8080/__cypress/runner/cypress_runner.js:1583
    _drainQueueStep http://localhost:8080/__cypress/runner/cypress_runner.js:2381
    _drainQueue http://localhost:8080/__cypress/runner/cypress_runner.js:2370
    _drainQueues http://localhost:8080/__cypress/runner/cypress_runner.js:2386
    drainQueues http://localhost:8080/__cypress/runner/cypress_runner.js:2256
    promise callback*schedule http://localhost:8080/__cypress/runner/cypress_runner.js:2430
    _queueTick http://localhost:8080/__cypress/runner/cypress_runner.js:2395
    AsyncSettlePromises http://localhost:8080/__cypress/runner/cypress_runner.js:2327
    _fulfill http://localhost:8080/__cypress/runner/cypress_runner.js:1617
    _resolveCallback http://localhost:8080/__cypress/runner/cypress_runner.js:1409
    _resolve http://localhost:8080/__cypress/runner/cypress_runner.js:6352
    completed http://localhost:8080/__cypress/runner/cypress_runner.js:6413
    _settlePromise http://localhost:8080/__cypress/runner/cypress_runner.js:1543
    _settlePromise0 http://localhost:8080/__cypress/runner/cypress_runner.js:1591
    _settlePromises http://localhost:8080/__cypress/runner/cypress_runner.js:1671
    _fulfill http://localhost:8080/__cypress/runner/cypress_runner.js:1615
    _resolveCallback http://localhost:8080/__cypress/runner/cypress_runner.js:1409
    _settlePromiseFromHandler http://localhost:8080/__cypress/runner/cypress_runner.js:1501
    _settlePromise http://localhost:8080/__cypress/runner/cypress_runner.js:1546
    _settlePromise0 http://localhost:8080/__cypress/runner/cypress_runner.js:1591
    _settlePromises http://localhost:8080/__cypress/runner/cypress_runner.js:1671
    _fulfill http://localhost:8080/__cypress/runner/cypress_runner.js:1615
    _settlePromise http://localhost:8080/__cypress/runner/cypress_runner.js:1559
    _settlePromise0 http://localhost:8080/__cypress/runner/cypress_runner.js:1591
    _settlePromises http://localhost:8080/__cypress/runner/cypress_runner.js:1671
    _fulfill http://localhost:8080/__cypress/runner/cypress_runner.js:1615
    _resolveCallback http://localhost:8080/__cypress/runner/cypress_runner.js:1409
    _settlePromiseFromHandler http://localhost:8080/__cypress/runner/cypress_runner.js:1501
    _settlePromise http://localhost:8080/__cypress/runner/cypress_runner.js:1546
    _settlePromise0 http://localhost:8080/__cypress/runner/cypress_runner.js:1591
    _settlePromises http://localhost:8080/__cypress/runner/cypress_runner.js:1671
    _fulfill http://localhost:8080/__cypress/runner/cypress_runner.js:1615
    _resolveCallback http://localhost:8080/__cypress/runner/cypress_runner.js:1409
    _settlePromiseFromHandler http://localhost:8080/__cypress/runner/cypress_runner.js:1501
    _settlePromise http://localhost:8080/__cypress/runner/cypress_runner.js:1546
usePress.mjs:320:67
plain-btn BlurCapture focusout 1 <button data-cy="plain-btn"> page.tsx:8:13
plain-btn Blur focusout 3 <button data-cy="plain-btn"> page.tsx:8:13
spectrum-btn onFocus <button class="o7Xu8a_spectrum-ActionBu…spectrum-FocusRing-ring" type="button" tabindex="0" data-react-aria-pressable="true" data-cy="spectrum-btn" style="user-select: none;"> page.tsx:17:13
spectrum-btn onFocusChange true page.tsx:17:13
spectrum-btn onPressUp <button class="o7Xu8a_spectrum-ActionBu…spectrum-FocusRing-ring" type="button" tabindex="0" data-react-aria-pressable="true" data-cy="spectrum-btn" style="user-select: none;"> page.tsx:17:13
spectrum-btn onPressEnd <button class="o7Xu8a_spectrum-ActionBu…spectrum-FocusRing-ring" type="button" tabindex="0" data-react-aria-pressable="true" data-cy="spectrum-btn" style="user-select: none;"> page.tsx:17:13
spectrum-btn onPressChange false page.tsx:17:13
spectrum-btn onPress <button class="o7Xu8a_spectrum-ActionBu…spectrum-FocusRing-ring" type="button" tabindex="0" data-react-aria-pressable="true" data-cy="spectrum-btn" style="user-select: none;"> page.tsx:17:13
spectrum-btn onBlur <button class="o7Xu8a_spectrum-ActionBu…-ring o7Xu8a_is-hovered" type="button" tabindex="0" data-react-aria-pressable="true" data-cy="spectrum-btn"> page.tsx:17:13
spectrum-btn onFocusChange false page.tsx:17:13
