plain-btn PointerEnter pointerout 3 <button data-cy="plain-btn"> forward-logs-shared.ts:95:22
plain-btn PointerOverCapture pointerover 1 <button data-cy="plain-btn"> forward-logs-shared.ts:95:22
plain-btn PointerOver pointerover 3 <button data-cy="plain-btn"> forward-logs-shared.ts:95:22
plain-btn PointerMoveCapture pointermove 1 <button data-cy="plain-btn"> forward-logs-shared.ts:95:22
plain-btn PointerMove pointermove 3 <button data-cy="plain-btn"> forward-logs-shared.ts:95:22
plain-btn MouseEnter mouseout 3 <button data-cy="plain-btn"> forward-logs-shared.ts:95:22
plain-btn MouseOverCapture mouseover 1 <button data-cy="plain-btn"> forward-logs-shared.ts:95:22
plain-btn MouseOver mouseover 3 <button data-cy="plain-btn"> forward-logs-shared.ts:95:22
plain-btn MouseMoveCapture mousemove 1 <button data-cy="plain-btn"> forward-logs-shared.ts:95:22
plain-btn MouseMove mousemove 3 <button data-cy="plain-btn"> forward-logs-shared.ts:95:22
plain-btn PointerDownCapture pointerdown 1 <button data-cy="plain-btn"> forward-logs-shared.ts:95:22
plain-btn PointerDown pointerdown 3 <button data-cy="plain-btn"> forward-logs-shared.ts:95:22
plain-btn MouseDownCapture mousedown 1 <button data-cy="plain-btn"> forward-logs-shared.ts:95:22
plain-btn MouseDown mousedown 3 <button data-cy="plain-btn"> forward-logs-shared.ts:95:22
plain-btn FocusCapture focusin 1 <button data-cy="plain-btn"> forward-logs-shared.ts:95:22
plain-btn Focus focusin 3 <button data-cy="plain-btn"> forward-logs-shared.ts:95:22
plain-btn PointerUpCapture pointerup 1 <button data-cy="plain-btn"> forward-logs-shared.ts:95:22
plain-btn PointerUp pointerup 3 <button data-cy="plain-btn"> forward-logs-shared.ts:95:22
plain-btn MouseUpCapture mouseup 1 <button data-cy="plain-btn"> forward-logs-shared.ts:95:22
plain-btn MouseUp mouseup 3 <button data-cy="plain-btn"> forward-logs-shared.ts:95:22
plain-btn ClickCapture click 1 <button data-cy="plain-btn"> forward-logs-shared.ts:95:22
plain-btn Click click 3 <button data-cy="plain-btn"> forward-logs-shared.ts:95:22
plain-btn PointerOutCapture pointerout 1 <button data-cy="plain-btn"> forward-logs-shared.ts:95:22
plain-btn PointerOut pointerout 3 <button data-cy="plain-btn"> forward-logs-shared.ts:95:22
plain-btn PointerLeave pointerout 3 <button data-cy="plain-btn"> forward-logs-shared.ts:95:22
plain-btn MouseOutCapture mouseout 1 <button data-cy="plain-btn"> forward-logs-shared.ts:95:22
plain-btn MouseOut mouseout 3 <button data-cy="plain-btn"> forward-logs-shared.ts:95:22
plain-btn MouseLeave mouseout 3 <button data-cy="plain-btn"> forward-logs-shared.ts:95:22
plain-btn BlurCapture focusout 1 <button data-cy="plain-btn"> forward-logs-shared.ts:95:22
plain-btn Blur focusout 3 <button data-cy="plain-btn"> forward-logs-shared.ts:95:22
