PointerEnter pointerout { target: div._t8qIa_spectrum.kDKRXa_spectrum.kDKRXa_i18nFontFamily.R-l9gW_spectrum--darkest.rfm_fq_spectrum--medium.XhWg9q_spectrum.XhWg9q_spectrum--dark.XhWg9q_spectrum--darkest.XhWg9q_spectrum--large.XhWg9q_spectrum--light.XhWg9q_spectrum--lightest.XhWg9q_spectrum--medium, buttons: 0, clientX: 11, clientY: 18.5, layerX: 11, layerY: 19 } 3 forward-logs-shared.ts:95:22
PointerOverCapture pointerover { target: button, buttons: 0, clientX: 11, clientY: 18.5, layerX: 11, layerY: 19 } 1 forward-logs-shared.ts:95:22
PointerOver pointerover { target: button, buttons: 0, clientX: 11, clientY: 18.5, layerX: 11, layerY: 19 } 3 forward-logs-shared.ts:95:22
PointerMoveCapture pointermove { target: button, buttons: 0, clientX: 11, clientY: 18.5, layerX: 11, layerY: 19 } 1 forward-logs-shared.ts:95:22
PointerMove pointermove { target: button, buttons: 0, clientX: 11, clientY: 18.5, layerX: 11, layerY: 19 } 3 forward-logs-shared.ts:95:22
MouseEnter mouseout { target: div._t8qIa_spectrum.kDKRXa_spectrum.kDKRXa_i18nFontFamily.R-l9gW_spectrum--darkest.rfm_fq_spectrum--medium.XhWg9q_spectrum.XhWg9q_spectrum--dark.XhWg9q_spectrum--darkest.XhWg9q_spectrum--large.XhWg9q_spectrum--light.XhWg9q_spectrum--lightest.XhWg9q_spectrum--medium, buttons: 0, clientX: 11, clientY: 19, layerX: 11, layerY: 19 } 3 forward-logs-shared.ts:95:22
MouseOverCapture mouseover { target: button, buttons: 0, clientX: 11, clientY: 19, layerX: 11, layerY: 19 } 1 forward-logs-shared.ts:95:22
MouseOver mouseover { target: button, buttons: 0, clientX: 11, clientY: 19, layerX: 11, layerY: 19 } 3 forward-logs-shared.ts:95:22
MouseMoveCapture mousemove { target: button, buttons: 0, clientX: 11, clientY: 19, layerX: 11, layerY: 19 } 1 forward-logs-shared.ts:95:22
MouseMove mousemove { target: button, buttons: 0, clientX: 11, clientY: 19, layerX: 11, layerY: 19 } 3 forward-logs-shared.ts:95:22
PointerMoveCapture pointermove { target: button, buttons: 0, clientX: 12, clientY: 15.5, layerX: 12, layerY: 16 } 1 forward-logs-shared.ts:95:22
PointerMove pointermove { target: button, buttons: 0, clientX: 12, clientY: 15.5, layerX: 12, layerY: 16 } 3 forward-logs-shared.ts:95:22
MouseMoveCapture mousemove { target: button, buttons: 0, clientX: 12, clientY: 16, layerX: 12, layerY: 16 } 1 forward-logs-shared.ts:95:22
MouseMove mousemove { target: button, buttons: 0, clientX: 12, clientY: 16, layerX: 12, layerY: 16 } 3 forward-logs-shared.ts:95:22
PointerMoveCapture pointermove { target: button, buttons: 0, clientX: 12, clientY: 14.5, layerX: 12, layerY: 15 } 1 forward-logs-shared.ts:95:22
PointerMove pointermove { target: button, buttons: 0, clientX: 12, clientY: 14.5, layerX: 12, layerY: 15 } 3 forward-logs-shared.ts:95:22
MouseMoveCapture mousemove { target: button, buttons: 0, clientX: 12, clientY: 15, layerX: 12, layerY: 15 } 1 forward-logs-shared.ts:95:22
MouseMove mousemove { target: button, buttons: 0, clientX: 12, clientY: 15, layerX: 12, layerY: 15 } 3 forward-logs-shared.ts:95:22
PointerDownCapture pointerdown { target: button, buttons: 1, clientX: 12, clientY: 14.5, layerX: 12, layerY: 15 } 1 forward-logs-shared.ts:95:22
PointerDown pointerdown { target: button, buttons: 1, clientX: 12, clientY: 14.5, layerX: 12, layerY: 15 } 3 forward-logs-shared.ts:95:22
MouseDownCapture mousedown { target: button, buttons: 1, clientX: 12, clientY: 15, layerX: 12, layerY: 15 } 1 forward-logs-shared.ts:95:22
MouseDown mousedown { target: button, buttons: 1, clientX: 12, clientY: 15, layerX: 12, layerY: 15 } 3 forward-logs-shared.ts:95:22
FocusCapture focusin { target: button, isTrusted: true, view: Window, detail: 0, layerX: 0, layerY: 0, which: 0, rangeParent: #text, rangeOffset: 5, SCROLL_PAGE_UP: -32768, … } 1 forward-logs-shared.ts:95:22
Focus focusin { target: button, isTrusted: true, view: Window, detail: 0, layerX: 0, layerY: 0, which: 0, rangeParent: #text, rangeOffset: 5, SCROLL_PAGE_UP: -32768, … } 3 forward-logs-shared.ts:95:22
PointerUpCapture pointerup { target: button, buttons: 0, clientX: 12, clientY: 14.5, layerX: 12, layerY: 15 } 1 forward-logs-shared.ts:95:22
PointerUp pointerup { target: button, buttons: 0, clientX: 12, clientY: 14.5, layerX: 12, layerY: 15 } 3 forward-logs-shared.ts:95:22
MouseUpCapture mouseup { target: button, buttons: 0, clientX: 12, clientY: 15, layerX: 12, layerY: 15 } 1 forward-logs-shared.ts:95:22
MouseUp mouseup { target: button, buttons: 0, clientX: 12, clientY: 15, layerX: 12, layerY: 15 } 3 forward-logs-shared.ts:95:22
ClickCapture click { target: button, buttons: 0, clientX: 12, clientY: 15, layerX: 12, layerY: 15 } 1 forward-logs-shared.ts:95:22
Click click { target: button, buttons: 0, clientX: 12, clientY: 15, layerX: 12, layerY: 15 } 3 forward-logs-shared.ts:95:22
PointerMoveCapture pointermove { target: button, buttons: 0, clientX: 12, clientY: 15, layerX: 12, layerY: 15 } 1 forward-logs-shared.ts:95:22
PointerMove pointermove { target: button, buttons: 0, clientX: 12, clientY: 15, layerX: 12, layerY: 15 } 3 forward-logs-shared.ts:95:22
MouseMoveCapture mousemove { target: button, buttons: 0, clientX: 12, clientY: 15, layerX: 12, layerY: 15 } 1 forward-logs-shared.ts:95:22
MouseMove mousemove { target: button, buttons: 0, clientX: 12, clientY: 15, layerX: 12, layerY: 15 } 3 forward-logs-shared.ts:95:22
PointerMoveCapture pointermove { target: button, buttons: 0, clientX: 12, clientY: 16, layerX: 12, layerY: 16 } 1 forward-logs-shared.ts:95:22
PointerMove pointermove { target: button, buttons: 0, clientX: 12, clientY: 16, layerX: 12, layerY: 16 } 3 forward-logs-shared.ts:95:22
MouseMoveCapture mousemove { target: button, buttons: 0, clientX: 12, clientY: 16, layerX: 12, layerY: 16 } 1 forward-logs-shared.ts:95:22
MouseMove mousemove { target: button, buttons: 0, clientX: 12, clientY: 16, layerX: 12, layerY: 16 } 3 forward-logs-shared.ts:95:22
PointerMoveCapture pointermove { target: button, buttons: 0, clientX: 11, clientY: 19, layerX: 11, layerY: 19 } 1 forward-logs-shared.ts:95:22
PointerMove pointermove { target: button, buttons: 0, clientX: 11, clientY: 19, layerX: 11, layerY: 19 } 3 forward-logs-shared.ts:95:22
MouseMoveCapture mousemove { target: button, buttons: 0, clientX: 11, clientY: 19, layerX: 11, layerY: 19 } 1 forward-logs-shared.ts:95:22
MouseMove mousemove { target: button, buttons: 0, clientX: 11, clientY: 19, layerX: 11, layerY: 19 } 3 forward-logs-shared.ts:95:22
PointerOutCapture pointerout { target: button, buttons: 0, clientX: 9.5, clientY: 24.5, layerX: 10, layerY: 25 } 1 forward-logs-shared.ts:95:22
PointerOut pointerout { target: button, buttons: 0, clientX: 9.5, clientY: 24.5, layerX: 10, layerY: 25 } 3 forward-logs-shared.ts:95:22
PointerLeave pointerout { target: button, buttons: 0, clientX: 9.5, clientY: 24.5, layerX: 10, layerY: 25 } 3 forward-logs-shared.ts:95:22
MouseOutCapture mouseout { target: button, buttons: 0, clientX: 10, clientY: 25, layerX: 10, layerY: 25 } 1 forward-logs-shared.ts:95:22
MouseOut mouseout { target: button, buttons: 0, clientX: 10, clientY: 25, layerX: 10, layerY: 25 } 3 forward-logs-shared.ts:95:22
MouseLeave mouseout { target: button, buttons: 0, clientX: 10, clientY: 25, layerX: 10, layerY: 25 } 3 forward-logs-shared.ts:95:22
BlurCapture focusout { target: button, isTrusted: true, view: Window, detail: 0, layerX: 0, layerY: 0, which: 0, rangeOffset: 0, SCROLL_PAGE_UP: -32768, SCROLL_PAGE_DOWN: 32768, … } 1 forward-logs-shared.ts:95:22
Blur focusout { target: button, isTrusted: true, view: Window, detail: 0, layerX: 0, layerY: 0, which: 0, rangeOffset: 0, SCROLL_PAGE_UP: -32768, SCROLL_PAGE_DOWN: 32768, … } 3
 